Quantiles of g_ell(k,a)/gbar_ell(k) over unit residues a mod 3^ell, k = ell + d.
Row sum checked against Wirsching's bounded-composition identity at every (ell, d). One forward pass in ell; all offsets are read from the same table per level.
ell   d    n_units   q=1.0e-04     q=1.0e-03     q=1.0e-02     q=1.0e-01     q=5.0e-01        min
-------------------------------------------------------------------------------------------------
    [ell=1 total    0.0s]
    [ell=2 total    0.0s]
  3  +6         18     0.00000     0.00000     0.00000     0.00000     1.50000  0.00000  argmin_a=2
      thresholds: P[R<=0.05]=0.388889  P[R<=0.10]=0.388889  P[R<=0.20]=0.388889  P[R<=0.30]=0.388889
      bottom 1.0e-03 bucket (1 residues): fraction with a < 6561 is 1.000000
  3  +7         18     0.00000     0.00000     0.00000     0.00000     1.50000  0.00000  argmin_a=1
      thresholds: P[R<=0.05]=0.388889  P[R<=0.10]=0.388889  P[R<=0.20]=0.388889  P[R<=0.30]=0.388889
      bottom 1.0e-03 bucket (1 residues): fraction with a < 6561 is 1.000000
  3  +8         18     0.00000     0.00000     0.00000     0.00000     1.50000  0.00000  argmin_a=1
      thresholds: P[R<=0.05]=0.388889  P[R<=0.10]=0.388889  P[R<=0.20]=0.388889  P[R<=0.30]=0.388889
      bottom 1.0e-03 bucket (1 residues): fraction with a < 6561 is 1.000000
  3  +9         18     0.00000     0.00000     0.00000     0.00000     1.50000  0.00000  argmin_a=1
      thresholds: P[R<=0.05]=0.388889  P[R<=0.10]=0.388889  P[R<=0.20]=0.388889  P[R<=0.30]=0.388889
      bottom 1.0e-03 bucket (1 residues): fraction with a < 6561 is 1.000000
  3 +10         18     0.00000     0.00000     0.00000     0.00000     1.50000  0.00000  argmin_a=4
      thresholds: P[R<=0.05]=0.388889  P[R<=0.10]=0.388889  P[R<=0.20]=0.388889  P[R<=0.30]=0.388889
      bottom 1.0e-03 bucket (1 residues): fraction with a < 6561 is 1.000000
  3 +11         18     0.00000     0.00000     0.00000     0.00000     1.50000  0.00000  argmin_a=2
      thresholds: P[R<=0.05]=0.388889  P[R<=0.10]=0.388889  P[R<=0.20]=0.388889  P[R<=0.30]=0.388889
      bottom 1.0e-03 bucket (1 residues): fraction with a < 6561 is 1.000000
    [ell=3 total    0.0s]
  4  +6         54     0.00000     0.00000     0.00000     0.56250     1.12500  0.00000  argmin_a=22
      thresholds: P[R<=0.05]=0.055556  P[R<=0.10]=0.055556  P[R<=0.20]=0.055556  P[R<=0.30]=0.055556
      bottom 1.0e-03 bucket (1 residues): fraction with a < 6561 is 1.000000
  4  +7         54     0.00000     0.00000     0.00000     0.50000     1.00000  0.00000  argmin_a=79
      thresholds: P[R<=0.05]=0.018519  P[R<=0.10]=0.018519  P[R<=0.20]=0.018519  P[R<=0.30]=0.018519
      bottom 1.0e-03 bucket (1 residues): fraction with a < 6561 is 1.000000
  4  +8         54     0.45000     0.45000     0.45000     0.45000     0.90000  0.45000  argmin_a=2
      thresholds: P[R<=0.05]=0.000000  P[R<=0.10]=0.000000  P[R<=0.20]=0.000000  P[R<=0.30]=0.000000
      bottom 1.0e-03 bucket (1 residues): fraction with a < 6561 is 1.000000
  4  +9         54     0.40909     0.40909     0.40909     0.40909     0.81818  0.40909  argmin_a=1
      thresholds: P[R<=0.05]=0.000000  P[R<=0.10]=0.000000  P[R<=0.20]=0.000000  P[R<=0.30]=0.000000
      bottom 1.0e-03 bucket (1 residues): fraction with a < 6561 is 1.000000
  4 +10         54     0.37500     0.37500     0.37500     0.37500     1.12500  0.37500  argmin_a=8
      thresholds: P[R<=0.05]=0.000000  P[R<=0.10]=0.000000  P[R<=0.20]=0.000000  P[R<=0.30]=0.000000
      bottom 1.0e-03 bucket (1 residues): fraction with a < 6561 is 1.000000
  4 +11         54     0.34615     0.34615     0.34615     0.34615     1.03846  0.34615  argmin_a=4
      thresholds: P[R<=0.05]=0.000000  P[R<=0.10]=0.000000  P[R<=0.20]=0.000000  P[R<=0.30]=0.000000
      bottom 1.0e-03 bucket (1 residues): fraction with a < 6561 is 1.000000
    [ell=4 total    0.0s]
  5  +6        162     0.28980     0.28980     0.28980     0.57961     0.86941  0.28980  argmin_a=13
      thresholds: P[R<=0.05]=0.000000  P[R<=0.10]=0.000000  P[R<=0.20]=0.000000  P[R<=0.30]=0.092593
      bottom 1.0e-03 bucket (1 residues): fraction with a < 6561 is 1.000000
  5  +7        162     0.23859     0.23859     0.23859     0.47717     0.95434  0.23859  argmin_a=61
      thresholds: P[R<=0.05]=0.000000  P[R<=0.10]=0.000000  P[R<=0.20]=0.000000  P[R<=0.30]=0.030864
      bottom 1.0e-03 bucket (1 residues): fraction with a < 6561 is 1.000000
  5  +8        162     0.19975     0.19975     0.19975     0.59926     0.99877  0.19975  argmin_a=43
      thresholds: P[R<=0.05]=0.000000  P[R<=0.10]=0.000000  P[R<=0.20]=0.012346  P[R<=0.30]=0.012346
      bottom 1.0e-03 bucket (1 residues): fraction with a < 6561 is 1.000000
  5  +9        162     0.33927     0.33927     0.33927     0.67853     1.01780  0.33927  argmin_a=91
      thresholds: P[R<=0.05]=0.000000  P[R<=0.10]=0.000000  P[R<=0.20]=0.000000  P[R<=0.30]=0.000000
      bottom 1.0e-03 bucket (1 residues): fraction with a < 6561 is 1.000000
  5 +10        162     0.29163     0.29163     0.43744     0.72907     1.02070  0.29163  argmin_a=167
      thresholds: P[R<=0.05]=0.000000  P[R<=0.10]=0.000000  P[R<=0.20]=0.000000  P[R<=0.30]=0.006173
      bottom 1.0e-03 bucket (1 residues): fraction with a < 6561 is 1.000000
  5 +11        162     0.25332     0.25332     0.37998     0.63331     1.01329  0.25332  argmin_a=205
      thresholds: P[R<=0.05]=0.000000  P[R<=0.10]=0.000000  P[R<=0.20]=0.000000  P[R<=0.30]=0.006173
      bottom 1.0e-03 bucket (1 residues): fraction with a < 6561 is 1.000000
    [ell=5 total    0.0s]
  6  +6        486     0.17059     0.17059     0.17059     0.51176     1.02352  0.17059  argmin_a=79
      thresholds: P[R<=0.05]=0.000000  P[R<=0.10]=0.000000  P[R<=0.20]=0.014403  P[R<=0.30]=0.014403
      bottom 1.0e-03 bucket (1 residues): fraction with a < 6561 is 1.000000
  6  +7        486     0.26557     0.26557     0.26557     0.53115     0.92951  0.26557  argmin_a=43
      thresholds: P[R<=0.05]=0.000000  P[R<=0.10]=0.000000  P[R<=0.20]=0.000000  P[R<=0.30]=0.016461
      bottom 1.0e-03 bucket (1 residues): fraction with a < 6561 is 1.000000
  6  +8        486     0.31593     0.31593     0.31593     0.63185     0.94778  0.31593  argmin_a=196
      thresholds: P[R<=0.05]=0.000000  P[R<=0.10]=0.000000  P[R<=0.20]=0.000000  P[R<=0.30]=0.000000
      bottom 1.0e-03 bucket (1 residues): fraction with a < 6561 is 1.000000
  6  +9        486     0.33950     0.33950     0.50926     0.59413     1.01851  0.33950  argmin_a=538
      thresholds: P[R<=0.05]=0.000000  P[R<=0.10]=0.000000  P[R<=0.20]=0.000000  P[R<=0.30]=0.000000
      bottom 1.0e-03 bucket (1 residues): fraction with a < 6561 is 1.000000
  6 +10        486     0.41627     0.41627     0.41627     0.69379     0.97131  0.41627  argmin_a=106
      thresholds: P[R<=0.05]=0.000000  P[R<=0.10]=0.000000  P[R<=0.20]=0.000000  P[R<=0.30]=0.000000
      bottom 1.0e-03 bucket (1 residues): fraction with a < 6561 is 1.000000
  6 +11        486     0.40194     0.40194     0.51678     0.68904     0.97613  0.40194  argmin_a=124
      thresholds: P[R<=0.05]=0.000000  P[R<=0.10]=0.000000  P[R<=0.20]=0.000000  P[R<=0.30]=0.000000
      bottom 1.0e-03 bucket (1 residues): fraction with a < 6561 is 1.000000
    [ell=6 total    0.0s]
  7  +6       1458     0.10798     0.10798     0.21597     0.53992     0.97186  0.10798  argmin_a=889
      thresholds: P[R<=0.05]=0.000000  P[R<=0.10]=0.000000  P[R<=0.20]=0.001372  P[R<=0.30]=0.010288
      bottom 1.0e-03 bucket (1 residues): fraction with a < 6561 is 1.000000
  7  +7       1458     0.24143     0.24143     0.32191     0.56334     0.96572  0.24143  argmin_a=295
      thresholds: P[R<=0.05]=0.000000  P[R<=0.10]=0.000000  P[R<=0.20]=0.000000  P[R<=0.30]=0.004801
      bottom 1.0e-03 bucket (1 residues): fraction with a < 6561 is 1.000000
  7  +8       1458     0.24460     0.30575     0.36690     0.61150     0.97840  0.24460  argmin_a=2059
      thresholds: P[R<=0.05]=0.000000  P[R<=0.10]=0.000000  P[R<=0.20]=0.000000  P[R<=0.30]=0.000686
      bottom 1.0e-03 bucket (1 residues): fraction with a < 6561 is 1.000000
  7  +9       1458     0.33085     0.33085     0.42538     0.61443     0.99254  0.33085  argmin_a=1375
      thresholds: P[R<=0.05]=0.000000  P[R<=0.10]=0.000000  P[R<=0.20]=0.000000  P[R<=0.30]=0.000000
      bottom 1.0e-03 bucket (1 residues): fraction with a < 6561 is 1.000000
  7 +10       1458     0.37088     0.37088     0.48214     0.66758     1.00137  0.37088  argmin_a=1087
      thresholds: P[R<=0.05]=0.000000  P[R<=0.10]=0.000000  P[R<=0.20]=0.000000  P[R<=0.30]=0.000000
      bottom 1.0e-03 bucket (1 residues): fraction with a < 6561 is 1.000000
  7 +11       1458     0.44248     0.47198     0.53098     0.67847     1.00295  0.44248  argmin_a=889
      thresholds: P[R<=0.05]=0.000000  P[R<=0.10]=0.000000  P[R<=0.20]=0.000000  P[R<=0.30]=0.000000
      bottom 1.0e-03 bucket (1 residues): fraction with a < 6561 is 1.000000
    [ell=7 total    0.0s]
  8  +6       4374     0.14300     0.14300     0.28601     0.50051     1.00103  0.14300  argmin_a=115
      thresholds: P[R<=0.05]=0.000000  P[R<=0.10]=0.000000  P[R<=0.20]=0.001600  P[R<=0.30]=0.021491
      bottom 1.0e-03 bucket (4 residues): fraction with a < 6561 is 1.000000
  8  +7       4374     0.15435     0.25725     0.30869     0.51449     0.97753  0.15435  argmin_a=2302
      thresholds: P[R<=0.05]=0.000000  P[R<=0.10]=0.000000  P[R<=0.20]=0.000229  P[R<=0.30]=0.003658
      bottom 1.0e-03 bucket (4 residues): fraction with a < 6561 is 1.000000
  8  +8       4374     0.22651     0.26426     0.37751     0.56627     0.98153  0.22651  argmin_a=1483
      thresholds: P[R<=0.05]=0.000000  P[R<=0.10]=0.000000  P[R<=0.20]=0.000000  P[R<=0.30]=0.001372
      bottom 1.0e-03 bucket (4 residues): fraction with a < 6561 is 1.000000
  8  +9       4374     0.33825     0.36644     0.42281     0.59193     1.01474  0.33825  argmin_a=268
      thresholds: P[R<=0.05]=0.000000  P[R<=0.10]=0.000000  P[R<=0.20]=0.000000  P[R<=0.30]=0.000000
      bottom 1.0e-03 bucket (4 residues): fraction with a < 6561 is 1.000000
  8 +10       4374     0.36343     0.38481     0.47032     0.61996     1.00477  0.36343  argmin_a=1456
      thresholds: P[R<=0.05]=0.000000  P[R<=0.10]=0.000000  P[R<=0.20]=0.000000  P[R<=0.30]=0.000000
      bottom 1.0e-03 bucket (4 residues): fraction with a < 6561 is 1.000000
  8 +11       4374     0.41110     0.42755     0.50977     0.62488     1.00309  0.41110  argmin_a=1456
      thresholds: P[R<=0.05]=0.000000  P[R<=0.10]=0.000000  P[R<=0.20]=0.000000  P[R<=0.30]=0.000000
      bottom 1.0e-03 bucket (4 residues): fraction with a < 6561 is 1.000000
    [ell=8 total    0.0s]
  9  +6      13122     0.09758     0.14637     0.24395     0.43911     0.97580  0.09758  argmin_a=1681
      thresholds: P[R<=0.05]=0.000000  P[R<=0.10]=0.000381  P[R<=0.20]=0.003734  P[R<=0.30]=0.026139
      bottom 1.0e-03 bucket (13 residues): fraction with a < 6561 is 0.615385
  9  +7      13122     0.20460     0.23870     0.30690     0.47740     0.98889  0.17050  argmin_a=17224
      thresholds: P[R<=0.05]=0.000000  P[R<=0.10]=0.000000  P[R<=0.20]=0.000076  P[R<=0.30]=0.006249
      bottom 1.0e-03 bucket (13 residues): fraction with a < 6561 is 0.384615
  9  +8      13122     0.24300     0.29161     0.36451     0.53461     0.99632  0.24300  argmin_a=2869
      thresholds: P[R<=0.05]=0.000000  P[R<=0.10]=0.000000  P[R<=0.20]=0.000000  P[R<=0.30]=0.002058
      bottom 1.0e-03 bucket (13 residues): fraction with a < 6561 is 0.384615
  9  +9      13122     0.29959     0.33484     0.40533     0.54632     1.00452  0.28197  argmin_a=9313
      thresholds: P[R<=0.05]=0.000000  P[R<=0.10]=0.000000  P[R<=0.20]=0.000000  P[R<=0.30]=0.000229
      bottom 1.0e-03 bucket (13 residues): fraction with a < 6561 is 0.384615
  9 +10      13122     0.33760     0.37655     0.44148     0.57132     0.99981  0.32461  argmin_a=7243
      thresholds: P[R<=0.05]=0.000000  P[R<=0.10]=0.000000  P[R<=0.20]=0.000000  P[R<=0.30]=0.000000
      bottom 1.0e-03 bucket (13 residues): fraction with a < 6561 is 0.230769
  9 +11      13122     0.38823     0.41735     0.46587     0.59205     1.00940  0.37852  argmin_a=15415
      thresholds: P[R<=0.05]=0.000000  P[R<=0.10]=0.000000  P[R<=0.20]=0.000000  P[R<=0.30]=0.000000
      bottom 1.0e-03 bucket (13 residues): fraction with a < 6561 is 0.384615
    [ell=9 total    0.0s]
 10  +6      39366     0.13601     0.17002     0.23802     0.40804     0.95209  0.06801  argmin_a=50821
      thresholds: P[R<=0.05]=0.000000  P[R<=0.10]=0.000025  P[R<=0.20]=0.001829  P[R<=0.30]=0.022558
      bottom 1.0e-03 bucket (39 residues): fraction with a < 6561 is 0.179487
 10  +7      39366     0.18550     0.23188     0.30144     0.46376     0.97389  0.16231  argmin_a=15037
      thresholds: P[R<=0.05]=0.000000  P[R<=0.10]=0.000000  P[R<=0.20]=0.000178  P[R<=0.30]=0.009272
      bottom 1.0e-03 bucket (39 residues): fraction with a < 6561 is 0.256410
 10  +8      39366     0.22566     0.27401     0.33849     0.48355     0.98322  0.20954  argmin_a=18493
      thresholds: P[R<=0.05]=0.000000  P[R<=0.10]=0.000000  P[R<=0.20]=0.000000  P[R<=0.30]=0.002515
      bottom 1.0e-03 bucket (39 residues): fraction with a < 6561 is 0.205128
 10  +9      39366     0.28502     0.33063     0.37623     0.51304     0.99188  0.25082  argmin_a=17089
      thresholds: P[R<=0.05]=0.000000  P[R<=0.10]=0.000000  P[R<=0.20]=0.000000  P[R<=0.30]=0.000279
      bottom 1.0e-03 bucket (39 residues): fraction with a < 6561 is 0.153846
 10 +10      39366     0.31133     0.36868     0.40965     0.54073     0.99954  0.29495  argmin_a=38878
      thresholds: P[R<=0.05]=0.000000  P[R<=0.10]=0.000000  P[R<=0.20]=0.000000  P[R<=0.30]=0.000025
      bottom 1.0e-03 bucket (39 residues): fraction with a < 6561 is 0.051282
 10 +11      39366     0.37037     0.39426     0.44205     0.55555     1.00357  0.35244  argmin_a=57832
      thresholds: P[R<=0.05]=0.000000  P[R<=0.10]=0.000000  P[R<=0.20]=0.000000  P[R<=0.30]=0.000000
      bottom 1.0e-03 bucket (39 residues): fraction with a < 6561 is 0.128205
    [ell=10 total    0.0s]
 11  +6     118098     0.12033     0.16846     0.24066     0.40913     0.93859  0.07220  argmin_a=22705
      thresholds: P[R<=0.05]=0.000000  P[R<=0.10]=0.000025  P[R<=0.20]=0.004115  P[R<=0.30]=0.039078
      bottom 1.0e-03 bucket (118 residues): fraction with a < 6561 is 0.093220
 11  +7     118098     0.17676     0.20890     0.27317     0.43386     0.96413  0.14462  argmin_a=101329
      thresholds: P[R<=0.05]=0.000000  P[R<=0.10]=0.000000  P[R<=0.20]=0.000390  P[R<=0.30]=0.018408
      bottom 1.0e-03 bucket (118 residues): fraction with a < 6561 is 0.033898
 11  +8     118098     0.21865     0.26238     0.31705     0.45917     0.97300  0.19679  argmin_a=35827
      thresholds: P[R<=0.05]=0.000000  P[R<=0.10]=0.000000  P[R<=0.20]=0.000008  P[R<=0.30]=0.006274
      bottom 1.0e-03 bucket (118 residues): fraction with a < 6561 is 0.008475
 11  +9     118098     0.27241     0.30268     0.34808     0.49185     0.97613  0.24971  argmin_a=17089
      thresholds: P[R<=0.05]=0.000000  P[R<=0.10]=0.000000  P[R<=0.20]=0.000000  P[R<=0.30]=0.000660
      bottom 1.0e-03 bucket (118 residues): fraction with a < 6561 is 0.050847
 11 +10     118098     0.30858     0.34051     0.38307     0.51076     0.98427  0.27666  argmin_a=108943
      thresholds: P[R<=0.05]=0.000000  P[R<=0.10]=0.000000  P[R<=0.20]=0.000000  P[R<=0.30]=0.000042
      bottom 1.0e-03 bucket (118 residues): fraction with a < 6561 is 0.016949
 11 +11     118098     0.34538     0.37195     0.40991     0.53136     0.99440  0.30363  argmin_a=153196
      thresholds: P[R<=0.05]=0.000000  P[R<=0.10]=0.000000  P[R<=0.20]=0.000000  P[R<=0.30]=0.000000
      bottom 1.0e-03 bucket (118 residues): fraction with a < 6561 is 0.025424
    [ell=11 total    0.2s]
 12  +6     354294     0.12063     0.15509     0.22402     0.37911     0.93054  0.08616  argmin_a=145906
      thresholds: P[R<=0.05]=0.000000  P[R<=0.10]=0.000008  P[R<=0.20]=0.004985  P[R<=0.30]=0.052056
      bottom 1.0e-03 bucket (354 residues): fraction with a < 6561 is 0.019774
 12  +7     354294     0.18075     0.20334     0.25983     0.40668     0.94893  0.12426  argmin_a=459106
      thresholds: P[R<=0.05]=0.000000  P[R<=0.10]=0.000000  P[R<=0.20]=0.000556  P[R<=0.30]=0.031863
      bottom 1.0e-03 bucket (354 residues): fraction with a < 6561 is 0.016949
 12  +8     354294     0.21875     0.24892     0.29418     0.43750     0.95797  0.18858  argmin_a=152926
      thresholds: P[R<=0.05]=0.000000  P[R<=0.10]=0.000000  P[R<=0.20]=0.000008  P[R<=0.30]=0.012944
      bottom 1.0e-03 bucket (354 residues): fraction with a < 6561 is 0.036723
 12  +9     354294     0.26124     0.28685     0.32271     0.46613     0.96812  0.22538  argmin_a=165076
      thresholds: P[R<=0.05]=0.000000  P[R<=0.10]=0.000000  P[R<=0.20]=0.000000  P[R<=0.30]=0.002614
      bottom 1.0e-03 bucket (354 residues): fraction with a < 6561 is 0.019774
 12 +10     354294     0.29677     0.31797     0.35330     0.48755     0.97156  0.26850  argmin_a=484891
      thresholds: P[R<=0.05]=0.000000  P[R<=0.10]=0.000000  P[R<=0.20]=0.000000  P[R<=0.30]=0.000104
      bottom 1.0e-03 bucket (354 residues): fraction with a < 6561 is 0.002825
 12 +11     354294     0.32878     0.34856     0.38069     0.50677     0.98139  0.30406  argmin_a=452905
      thresholds: P[R<=0.05]=0.000000  P[R<=0.10]=0.000000  P[R<=0.20]=0.000000  P[R<=0.30]=0.000000
      bottom 1.0e-03 bucket (354 residues): fraction with a < 6561 is 0.014124
    [ell=12 total    0.7s]
 13  +6    1062882     0.12449     0.16184     0.19919     0.36103     0.92125  0.07470  argmin_a=429379
      thresholds: P[R<=0.05]=0.000000  P[R<=0.10]=0.000012  P[R<=0.20]=0.010511  P[R<=0.30]=0.065275
      bottom 1.0e-03 bucket (1062 residues): fraction with a < 6561 is 0.006591
 13  +7    1062882     0.16865     0.19275     0.24093     0.39352     0.93161  0.13653  argmin_a=1049596
      thresholds: P[R<=0.05]=0.000000  P[R<=0.10]=0.000000  P[R<=0.20]=0.001068  P[R<=0.30]=0.046669
      bottom 1.0e-03 bucket (1062 residues): fraction with a < 6561 is 0.005650
 13  +8    1062882     0.21098     0.23208     0.26900     0.42196     0.94941  0.16351  argmin_a=459106
      thresholds: P[R<=0.05]=0.000000  P[R<=0.10]=0.000000  P[R<=0.20]=0.000023  P[R<=0.30]=0.026061
      bottom 1.0e-03 bucket (1062 residues): fraction with a < 6561 is 0.009416
 13  +9    1062882     0.24653     0.26766     0.29936     0.44375     0.95795  0.20779  argmin_a=1190293
      thresholds: P[R<=0.05]=0.000000  P[R<=0.10]=0.000000  P[R<=0.20]=0.000000  P[R<=0.30]=0.010074
      bottom 1.0e-03 bucket (1062 residues): fraction with a < 6561 is 0.003766
 13 +10    1062882     0.27938     0.29848     0.32953     0.46564     0.96231  0.25073  argmin_a=474685
      thresholds: P[R<=0.05]=0.000000  P[R<=0.10]=0.000000  P[R<=0.20]=0.000000  P[R<=0.30]=0.001093
      bottom 1.0e-03 bucket (1062 residues): fraction with a < 6561 is 0.002825
 13 +11    1062882     0.31037     0.32680     0.35471     0.48280     0.96889  0.28738  argmin_a=1292353
      thresholds: P[R<=0.05]=0.000000  P[R<=0.10]=0.000000  P[R<=0.20]=0.000000  P[R<=0.30]=0.000010
      bottom 1.0e-03 bucket (1062 residues): fraction with a < 6561 is 0.006591
    [ell=13 total    2.0s]
 14  +6    3188646     0.11774     0.14492     0.19020     0.34417     0.90572  0.08152  argmin_a=1536460
      thresholds: P[R<=0.05]=0.000000  P[R<=0.10]=0.000015  P[R<=0.20]=0.015481  P[R<=0.30]=0.073852
      bottom 1.0e-03 bucket (3188 residues): fraction with a < 6561 is 0.001568
 14  +7    3188646     0.16128     0.18433     0.22465     0.37441     0.92163  0.10944  argmin_a=3647752
      thresholds: P[R<=0.05]=0.000000  P[R<=0.10]=0.000000  P[R<=0.20]=0.002818  P[R<=0.30]=0.058398
      bottom 1.0e-03 bucket (3188 residues): fraction with a < 6561 is 0.001568
 14  +8    3188646     0.19757     0.21994     0.25349     0.39888     0.93568  0.15284  argmin_a=4612219
      thresholds: P[R<=0.05]=0.000000  P[R<=0.10]=0.000000  P[R<=0.20]=0.000138  P[R<=0.30]=0.042165
      bottom 1.0e-03 bucket (3188 residues): fraction with a < 6561 is 0.001568
 14  +9    3188646     0.23048     0.25009     0.27952     0.42418     0.94643  0.18634  argmin_a=4378939
      thresholds: P[R<=0.05]=0.000000  P[R<=0.10]=0.000000  P[R<=0.20]=0.000001  P[R<=0.30]=0.023777
      bottom 1.0e-03 bucket (3188 residues): fraction with a < 6561 is 0.002196
 14 +10    3188646     0.26194     0.27831     0.30614     0.44366     0.95608  0.22756  argmin_a=4770898
      thresholds: P[R<=0.05]=0.000000  P[R<=0.10]=0.000000  P[R<=0.20]=0.000000  P[R<=0.30]=0.006878
      bottom 1.0e-03 bucket (3188 residues): fraction with a < 6561 is 0.000627
 14 +11    3188646     0.29043     0.30484     0.33034     0.46336     0.96220  0.26937  argmin_a=3264784
      thresholds: P[R<=0.05]=0.000000  P[R<=0.10]=0.000000  P[R<=0.20]=0.000000  P[R<=0.30]=0.000507
      bottom 1.0e-03 bucket (3188 residues): fraction with a < 6561 is 0.001255
    [ell=14 total    6.7s]
 15  +6    9565938     0.11927     0.13915     0.17891     0.32468     0.89454  0.07289  argmin_a=3372190
      thresholds: P[R<=0.05]=0.000000  P[R<=0.10]=0.000016  P[R<=0.20]=0.021273  P[R<=0.30]=0.081827
      bottom 1.0e-03 bucket (9565 residues): fraction with a < 6561 is 0.000418
 15  +7    9565938     0.14979     0.17476     0.20804     0.35368     0.90707  0.11234  argmin_a=3643378
      thresholds: P[R<=0.05]=0.000000  P[R<=0.10]=0.000000  P[R<=0.20]=0.007190  P[R<=0.30]=0.066482
      bottom 1.0e-03 bucket (9565 residues): fraction with a < 6561 is 0.000836
 15  +8    9565938     0.18603     0.20463     0.23652     0.38003     0.92218  0.15680  argmin_a=2023
      thresholds: P[R<=0.05]=0.000000  P[R<=0.10]=0.000000  P[R<=0.20]=0.000715  P[R<=0.30]=0.052464
      bottom 1.0e-03 bucket (9565 residues): fraction with a < 6561 is 0.000627
 15  +9    9565938     0.21556     0.23280     0.26212     0.40525     0.93638  0.17934  argmin_a=2132161
      thresholds: P[R<=0.05]=0.000000  P[R<=0.10]=0.000000  P[R<=0.20]=0.000005  P[R<=0.30]=0.037940
      bottom 1.0e-03 bucket (9565 residues): fraction with a < 6561 is 0.000523
 15 +10    9565938     0.24415     0.25892     0.28617     0.42585     0.94709  0.21576  argmin_a=12643612
      thresholds: P[R<=0.05]=0.000000  P[R<=0.10]=0.000000  P[R<=0.20]=0.000000  P[R<=0.30]=0.020323
      bottom 1.0e-03 bucket (9565 residues): fraction with a < 6561 is 0.000418
 15 +11    9565938     0.27068     0.28433     0.30935     0.44431     0.95458  0.25097  argmin_a=7182916
      thresholds: P[R<=0.05]=0.000000  P[R<=0.10]=0.000000  P[R<=0.20]=0.000000  P[R<=0.30]=0.004954
      bottom 1.0e-03 bucket (9565 residues): fraction with a < 6561 is 0.000418
    [ell=15 total   25.8s]
 16  +6   28697814     0.11200     0.13148     0.17044     0.31165     0.87653  0.07304  argmin_a=20213548
      thresholds: P[R<=0.05]=0.000000  P[R<=0.10]=0.000018  P[R<=0.20]=0.028126  P[R<=0.30]=0.089730
      bottom 1.0e-03 bucket (28697 residues): fraction with a < 6561 is 0.000209
 16  +7   28697814     0.14209     0.16325     0.19650     0.33859     0.89485  0.10883  argmin_a=5506459
      thresholds: P[R<=0.05]=0.000000  P[R<=0.10]=0.000000  P[R<=0.20]=0.012545  P[R<=0.30]=0.073927
      bottom 1.0e-03 bucket (28697 residues): fraction with a < 6561 is 0.000209
 16  +8   28697814     0.17364     0.19081     0.22134     0.36445     0.91017  0.13738  argmin_a=11455342
      thresholds: P[R<=0.05]=0.000000  P[R<=0.10]=0.000000  P[R<=0.20]=0.002247  P[R<=0.30]=0.061562
      bottom 1.0e-03 bucket (28697 residues): fraction with a < 6561 is 0.000244
 16  +9   28697814     0.20181     0.21771     0.24584     0.38771     0.92342  0.16878  argmin_a=18727846
      thresholds: P[R<=0.05]=0.000000  P[R<=0.10]=0.000000  P[R<=0.20]=0.000080  P[R<=0.30]=0.049917
      bottom 1.0e-03 bucket (28697 residues): fraction with a < 6561 is 0.000070
 16 +10   28697814     0.22748     0.24180     0.26884     0.40803     0.93538  0.19964  argmin_a=1254931
      thresholds: P[R<=0.05]=0.000000  P[R<=0.10]=0.000000  P[R<=0.20]=0.000000  P[R<=0.30]=0.035373
      bottom 1.0e-03 bucket (28697 residues): fraction with a < 6561 is 0.000139
 16 +11   28697814     0.25272     0.26530     0.29047     0.42732     0.94534  0.22913  argmin_a=4053319
      thresholds: P[R<=0.05]=0.000000  P[R<=0.10]=0.000000  P[R<=0.20]=0.000000  P[R<=0.30]=0.017252
      bottom 1.0e-03 bucket (28697 residues): fraction with a < 6561 is 0.000070
    [ell=16 total   83.8s]
