=== RAM mode ===
min_a g_ell(ell+d, a) / gbar_ell(ell+d); a dash marks an incomplete support
ell    d=+0     d=+4     d=+5     d=+6     d=+7     d=+8     d=+10    d=+12  |  d=1rt    d=2rt    d=3rt   || min over 8 fixed integers at d=+0
----------------------------------------------------------------------------------------------------------------------------------------------
  1       -       -       -       -       -       -       -       -  |       -       -       -  ||   0.0000 (  2)   [   0.0s]
  2       -       -       -       -       -       -       -       -  |       -       -       -  ||   0.0000 (  6)   [   0.0s]
  3       -       -       -       -       -       -       -       -  |       -       -       -  ||   0.0000 (  8)   [   0.0s]
  4       -       -       -       -       -  0.4500  0.3750  0.3214  |       -       -       -  ||   0.0000 (  8)   [   0.0s]
  5       -       -       -  0.2898  0.2386  0.1998  0.2916  0.4441  |       -       -  0.2898  ||   0.0000 (  8)   [   0.0s]
  6       -       -       -  0.1706  0.2656  0.3159  0.4163  0.4805  |       -       -  0.1706  ||   0.0000 (  8)   [   0.0s]
  7       -       -       -  0.1080  0.2414  0.2446  0.3709  0.4512  |       -       -  0.1080  ||   0.0000 (  8)   [   0.0s]
  8       -       -       -  0.1430  0.1543  0.2265  0.3634  0.4484  |       -       -  0.1430  ||   0.0000 (  8)   [   0.0s]

=== disk-backed mode (--scratch-dir) ===
min_a g_ell(ell+d, a) / gbar_ell(ell+d); a dash marks an incomplete support
ell    d=+0     d=+4     d=+5     d=+6     d=+7     d=+8     d=+10    d=+12  |  d=1rt    d=2rt    d=3rt   || min over 8 fixed integers at d=+0
----------------------------------------------------------------------------------------------------------------------------------------------
  1       -       -       -       -       -       -       -       -  |       -       -       -  ||   0.0000 (  2)   [   0.0s]
  2       -       -       -       -       -       -       -       -  |       -       -       -  ||   0.0000 (  6)   [   0.0s]
  3       -       -       -       -       -       -       -       -  |       -       -       -  ||   0.0000 (  8)   [   0.0s]
  4       -       -       -       -       -  0.4500  0.3750  0.3214  |       -       -       -  ||   0.0000 (  8)   [   0.0s]
  5       -       -       -  0.2898  0.2386  0.1998  0.2916  0.4441  |       -       -  0.2898  ||   0.0000 (  8)   [   0.0s]
  6       -       -       -  0.1706  0.2656  0.3159  0.4163  0.4805  |       -       -  0.1706  ||   0.0000 (  8)   [   0.0s]
  7       -       -       -  0.1080  0.2414  0.2446  0.3709  0.4512  |       -       -  0.1080  ||   0.0000 (  8)   [   0.0s]
  8       -       -       -  0.1430  0.1543  0.2265  0.3634  0.4484  |       -       -  0.1430  ||   0.0000 (  8)   [   0.0s]

diff: identical
