Calculando momentos exatos ate M_510...
  Momentos prontos em 251.6s

=== Validacao ===
  M1=1/2, M2=7/24 OK; momentos centrais impares (3,5,7,9) = 0 OK
  phi(1/2) calculado = 1.5000000000 (esperado 1.5), rel_err_cota=0.0e+00
  Validacao OK

=== Teste da Conjectura 3: ln(phi/phi0) e razao decisiva L_l ===
  ell      u      k_l     m       ln phi      ln phi0       ln r   L_l=phi(3x)/phi(x)*3^(1-l)    rel_err    tempo
evaluation point: x_l^+ = x_l + 3^-(l+1)  (paper)

    5   -2.0        1     4      -12.553      -11.887    -0.6663                     2.761558   0.00e+00     0.00s
    5   -1.0        3     3       -7.950       -7.319    -0.6314                     0.908528   0.00e+00     0.00s
    5   -0.5        4     3       -6.802       -6.183    -0.6189                     0.648041   0.00e+00     0.00s
    5    0.0        5     3       -5.952       -5.340    -0.6127                     0.497003   0.00e+00     0.00s
    5    0.5        6     2       -5.284       -4.680    -0.6042                     0.401117   0.00e+00     0.00s
    5    1.0        7     2       -4.735       -4.144    -0.5908                     0.334567   0.00e+00     0.00s
    5    2.0        9     2       -3.881       -3.318    -0.5630                     0.241039   0.00e+00     0.00s
   10   -2.0        4     8      -45.994      -45.262    -0.7314                     1.529131   0.00e+00     0.00s
   10   -1.0        7     7      -40.903      -40.177    -0.7264                     0.855016   0.00e+00     0.00s
   10   -0.5        8     7      -39.709      -38.983    -0.7263                     0.741979   0.00e+00     0.00s
   10    0.0       10     7      -37.737      -37.011    -0.7258                     0.584796   0.00e+00     0.00s
   10    0.5       12     7      -36.148      -35.425    -0.7239                     0.480759   0.00e+00     0.00s
   10    1.0       13     7      -35.458      -34.735    -0.7227                     0.440857   0.00e+00     0.00s
   10    2.0       16     7      -33.690      -32.970    -0.7195                     0.351375   0.00e+00     0.00s
   20   -2.0       11    17     -194.659     -193.914    -0.7449                     1.156323   0.00e+00     0.00s
   20   -1.0       16    17     -187.539     -186.794    -0.7455                     0.787950   0.00e+00     0.00s
   20   -0.5       18    16     -185.316     -184.570    -0.7459                     0.698018   0.00e+00     0.00s
   20    0.0       20    16     -183.333     -182.587    -0.7460                     0.626174   0.00e+00     0.00s
   20    0.5       22    16     -181.546     -180.800    -0.7460                     0.567474   0.00e+00     0.00s
   20    1.0       24    16     -179.919     -179.173    -0.7459                     0.518621   0.00e+00     0.00s
   20    2.0       29    16     -176.398     -175.652    -0.7454                     0.426167   0.00e+00     0.00s
   30   -2.0       19    26     -451.849     -451.111    -0.7376                     1.018331   0.00e+00     0.00s
   30   -1.0       25    26     -443.901     -443.163    -0.7383                     0.770437   0.00e+00     0.00s
   30   -0.5       27    26     -441.679     -440.941    -0.7385                     0.712336   0.00e+00     0.00s
   30    0.0       30    26     -438.643     -437.904    -0.7387                     0.639762   0.00e+00     0.00s
   30    0.5       33    26     -435.902     -435.163    -0.7388                     0.580436   0.00e+00     0.00s
   30    1.0       35    26     -434.212     -433.473    -0.7387                     0.546560   0.00e+00     0.00s
   30    2.0       41    26     -429.680     -428.942    -0.7386                     0.464855   0.00e+00     0.00s
   50   -2.0       36    46    -1294.752    -1294.031    -0.7213                     0.906767   0.00e+00     0.00s
   50   -1.0       43    46    -1286.059    -1285.338    -0.7217                     0.757777   0.00e+00     0.00s
   50   -0.5       46    46    -1282.764    -1282.042    -0.7218                     0.707825   0.00e+00     0.00s
   50    0.0       50    46    -1278.694    -1277.972    -0.7219                     0.650567   0.00e+00     0.00s
   50    0.5       54    45    -1274.940    -1274.219    -0.7220                     0.601812   0.00e+00     0.00s
   50    1.0       57    45    -1272.306    -1271.584    -0.7220                     0.569748   0.00e+00     0.00s
   50    2.0       64    45    -1266.668    -1265.946    -0.7219                     0.506654   0.00e+00     0.00s
   75   -2.0       58    70    -2965.596    -2964.890    -0.7065                     0.849789   0.00e+00     0.01s
   75   -1.0       66    70    -2956.048    -2955.341    -0.7068                     0.746115   0.00e+00     0.00s
   75   -0.5       71    70    -2950.655    -2949.948    -0.7069                     0.693196   0.00e+00     0.00s
   75    0.0       75    70    -2946.610    -2945.903    -0.7069                     0.655948   0.00e+00     0.00s
   75    0.5       79    70    -2942.776    -2942.069    -0.7070                     0.622478   0.00e+00     0.00s
   75    1.0       84    70    -2938.250    -2937.543    -0.7070                     0.585131   0.00e+00     0.00s
   75    2.0       92    70    -2931.546    -2930.839    -0.7069                     0.533835   0.00e+00     0.00s
  100   -2.0       80    95    -5323.158    -5322.462    -0.6963                     0.824293   0.00e+00     0.01s
  100   -1.0       90    95    -5311.511    -5310.815    -0.6965                     0.732251   0.00e+00     0.00s
  100   -0.5       95    95    -5306.167    -5305.471    -0.6966                     0.693502   0.00e+00     0.00s
  100    0.0      100    95    -5301.099    -5300.402    -0.6966                     0.658633   0.00e+00     0.00s
  100    0.5      105    95    -5296.279    -5295.583    -0.6966                     0.627088   0.00e+00     0.00s
  100    1.0      110    95    -5291.685    -5290.989    -0.6966                     0.598415   0.00e+00     0.00s
  100    2.0      120    95    -5283.096    -5282.400    -0.6966                     0.548247   0.00e+00     0.00s
  150   -2.0      126   145   -12095.842   -12095.158    -0.6831                     0.787782   0.00e+00     0.01s
  150   -1.0      138   145   -12082.299   -12081.616    -0.6832                     0.719046   0.00e+00     0.01s
  150   -0.5      144   145   -12075.965   -12075.281    -0.6832                     0.688976   0.00e+00     0.01s
  150    0.0      150   145   -12069.890   -12069.207    -0.6832                     0.661314   0.00e+00     0.01s
  150    0.5      156   145   -12064.055   -12063.371    -0.6832                     0.635782   0.00e+00     0.01s
  150    1.0      162   144   -12058.440   -12057.757    -0.6832                     0.612142   0.00e+00     0.04s
  150    2.0      174   144   -12047.812   -12047.129    -0.6832                     0.569758   0.00e+00     0.04s
  200   -2.0      172   194   -21615.142   -21614.468    -0.6747                     0.770848   0.00e+00     0.11s
  200   -1.0      186   194   -21599.581   -21598.907    -0.6748                     0.712677   0.00e+00     0.17s
  200   -0.5      193   194   -21592.236   -21591.561    -0.6748                     0.686758   0.00e+00     0.08s
  200    0.0      200   194   -21585.153   -21584.478    -0.6748                     0.662654   0.00e+00     0.08s
  200    0.5      207   194   -21578.314   -21577.640    -0.6748                     0.640181   0.00e+00     0.08s
  200    1.0      214   194   -21571.704   -21571.029    -0.6748                     0.619179   0.00e+00     0.08s
  200    2.0      228   194   -21559.110   -21558.435    -0.6748                     0.581048   0.00e+00     0.08s
  250   -2.0      218   244   -33880.996   -33880.327    -0.6688                     0.761076   0.00e+00     0.33s
  250   -1.0      234   244   -33863.371   -33862.702    -0.6689                     0.708927   0.00e+00     0.24s
  250   -0.5      242   244   -33855.006   -33854.337    -0.6689                     0.685440   0.00e+00     0.16s
  250    0.0      250   244   -33846.914   -33846.245    -0.6689                     0.663457   0.00e+00     0.10s
  250    0.5      258   244   -33839.078   -33838.409    -0.6690                     0.642838   0.00e+00     0.10s
  250    1.0      266   244   -33831.481   -33830.812    -0.6690                     0.623459   0.00e+00     0.10s
  250    2.0      282   244   -33816.952   -33816.283    -0.6689                     0.588003   0.00e+00     0.10s
  300   -2.0      265   294   -48892.257   -48891.592    -0.6645                     0.751862   0.00e+00     0.21s
  300   -1.0      283   294   -48872.617   -48871.953    -0.6645                     0.703956   0.00e+00     0.21s
  300   -0.5      291   294   -48864.287   -48863.623    -0.6646                     0.684568   0.00e+00     0.21s
  300    0.0      300   294   -48855.186   -48854.521    -0.6646                     0.663992   0.00e+00     0.21s
  300    0.5      309   294   -48846.354   -48845.690    -0.6646                     0.644616   0.00e+00     0.21s
  300    1.0      317   294   -48838.717   -48838.053    -0.6646                     0.628317   0.00e+00     0.21s
  300    2.0      335   294   -48822.218   -48821.553    -0.6646                     0.594490   0.00e+00     0.21s
  350   -2.0      313   344   -66648.949   -66648.288    -0.6611                     0.743043   0.00e+00     0.40s
  350   -1.0      331   344   -66629.443   -66628.782    -0.6611                     0.702574   0.00e+00     0.40s
  350   -0.5      341   344   -66619.061   -66618.400    -0.6612                     0.681938   0.00e+00     0.40s
  350    0.0      350   344   -66609.974   -66609.313    -0.6612                     0.664375   0.00e+00     0.41s
  350    0.5      359   344   -66601.119   -66600.458    -0.6612                     0.647692   0.00e+00     0.41s
  350    1.0      369   344   -66591.536   -66590.875    -0.6612                     0.630110   0.00e+00     0.41s
  350    2.0      387   344   -66574.926   -66574.265    -0.6612                     0.600754   0.00e+00     0.41s
  400   -2.0      360   394   -87153.303   -87152.645    -0.6584                     0.738621   0.00e+00     0.74s
  400   -1.0      380   394   -87131.739   -87131.081    -0.6584                     0.699694   0.00e+00     0.74s
  400   -0.5      390   394   -87121.380   -87120.721    -0.6584                     0.681728   0.00e+00     0.74s
  400    0.0      400   394   -87111.283   -87110.624    -0.6584                     0.664661   0.00e+00     0.74s
  400    0.5      410   394   -87101.436   -87100.777    -0.6584                     0.648427   0.00e+00     0.75s
  400    1.0      420   394   -87091.826   -87091.168    -0.6584                     0.632966   0.00e+00     0.74s
  400    2.0      440   394   -87073.276   -87072.618    -0.6584                     0.604153   0.00e+00     0.75s
  450   -2.0      408   444  -110403.090  -110402.434    -0.6561                     0.733417   0.00e+00     1.23s
  450   -1.0      429   444  -110380.563  -110379.907    -0.6561                     0.697473   0.00e+00     1.23s
  450   -0.5      439   444  -110370.221  -110369.565    -0.6562                     0.681565   0.00e+00     1.25s
  450    0.0      450   444  -110359.114  -110358.458    -0.6562                     0.664884   0.00e+00     1.26s
  450    0.5      461   444  -110348.276  -110347.620    -0.6562                     0.648999   0.00e+00     1.27s
  450    1.0      471   444  -110338.645  -110337.989    -0.6562                     0.635202   0.00e+00     1.26s
  450    2.0      492   443  -110319.070  -110318.414    -0.6562                     0.608055   0.00e+00     5.54s
  500   -2.0      455   494  -136400.515  -136399.860    -0.6542                     0.730915   0.00e+00     2.03s
  500   -1.0      478   494  -136375.915  -136375.261    -0.6542                     0.695707   0.00e+00     1.99s
  500   -0.5      489   493  -136364.567  -136363.912    -0.6543                     0.680040   0.00e+00     5.75s
  500    0.0      500   493  -136353.470  -136352.816    -0.6543                     0.665062   0.00e+00     5.86s
  500    0.5      511   493  -136342.616  -136341.962    -0.6543                     0.650730   0.00e+00     7.48s
  500    1.0      522   493  -136331.993  -136331.339    -0.6543                     0.637001   0.00e+00     6.00s
  500    2.0      545   493  -136310.487  -136309.833    -0.6543                     0.610087   0.00e+00     9.56s

=== Deficit ell*(2/3 - L_l), central sequence u=0 ===
  ell=   5   ell*(2/3 - L_l) = 0.8483
  ell=  10   ell*(2/3 - L_l) = 0.8187
  ell=  20   ell*(2/3 - L_l) = 0.8098
  ell=  30   ell*(2/3 - L_l) = 0.8071
  ell=  50   ell*(2/3 - L_l) = 0.8050
  ell=  75   ell*(2/3 - L_l) = 0.8039
  ell= 100   ell*(2/3 - L_l) = 0.8034
  ell= 150   ell*(2/3 - L_l) = 0.8028
  ell= 200   ell*(2/3 - L_l) = 0.8026
  ell= 250   ell*(2/3 - L_l) = 0.8024
  ell= 300   ell*(2/3 - L_l) = 0.8023
  ell= 350   ell*(2/3 - L_l) = 0.8022
  ell= 400   ell*(2/3 - L_l) = 0.8022
  ell= 450   ell*(2/3 - L_l) = 0.8021
  ell= 500   ell*(2/3 - L_l) = 0.8021

=== Spread of ln(phi/phi0) across u at the largest level ===
  ell=500: min=-0.654270 max=-0.654207 spread=6.333e-05

=== Deficit range across u at the largest level ===
  u=-2.0: -32.124
  u=-1.0: -14.520
  u=-0.5: -6.687
  u=+0.0: +0.802
  u=+0.5: +7.968
  u=+1.0: +14.833
  u=+2.0: +28.290

=== L_inf fits along u=0, two model forms (Rule 11: report both) ===
  C/sqrt(ell)   L_inf=-0.618860  coeff=-0.7916  c=exp(L_inf)=0.5386  max|resid|=2.14e-05
  C/ln^2(ell)   L_inf=-0.599498  coeff=-2.1159  c=exp(L_inf)=0.5491  max|resid|=5.51e-05
  MODEL SPREAD on L_inf: 0.0194  -> c in [0.5386, 0.5491]
  This spread, not the sub-range stability, is the dominant
  systematic on c. Both forms fit this range comparably.
  sub-range check (ell>=350, C/sqrt): L_inf=-0.618857  shift=2.99e-06

=== Concluido em 314.8s ===
Conjectura 3: ln r deve convergir (ou oscilar limitado) - nao divergir a -inf/+inf
Teste decisivo (⋆5): L_l deve ter limsup < 1 (previsao via phi_0: L_l -> 2/3)
EXIT=0
