=== exhaustive fixed set: all 54 units below 3^4 = 81, at d=+5 ===
[preflight] last transition peaks at ~9.4 GiB; 49.0 GiB available now (RAM mode).
min_a g_ell(ell+d, a) / gbar_ell(ell+d); a dash marks an incomplete support
ell    d=+5   |  d=1rt   || min over 54 fixed integers at d=+5
--------------------------------------------------------------
  1       -  |       -  ||      nan (  2)   [   0.0s]
  2       -  |       -  ||      nan (  6)   [   0.0s]
  3       -  |       -  ||   0.0000 ( 18)   [   0.0s]
  4       -  |       -  ||   0.0000 ( 54)   [   0.0s]
  5       -  |       -  ||   0.3592 ( 54)   [   0.0s]
  6       -  |       -  ||   0.2240 ( 54)   [   0.0s]
  7       -  |       -  ||   0.1481 ( 54)   [   0.0s]
  8       -  |       -  ||   0.2032 ( 54)   [   0.0s]
  9       -  |       -  ||   0.1427 ( 54)   [   0.0s]
 10  0.0509  |       -  ||   0.3056 ( 54)   [   0.0s]
 11  0.0368  |       -  ||   0.2576 ( 54)   [   0.1s]
 12  0.0536  |       -  ||   0.1877 ( 54)   [   0.3s]
 13  0.0197  |       -  ||   0.2361 ( 54)   [   0.9s]
 14  0.0435  |       -  ||   0.1742 ( 54)   [   2.9s]
 15  0.0215  |       -  ||   0.1720 ( 54)   [  11.9s]
 16  0.0240  |       -  ||   0.1677 ( 54)   [  36.8s]

=== exhaustive fixed set: all 486 units below 3^6 = 729, at d=+5 ===
[preflight] last transition peaks at ~9.4 GiB; 48.7 GiB available now (RAM mode).
min_a g_ell(ell+d, a) / gbar_ell(ell+d); a dash marks an incomplete support
ell    d=+5   |  d=1rt   || min over 486 fixed integers at d=+5
---------------------------------------------------------------
  1       -  |       -  ||      nan (  2)   [   0.0s]
  2       -  |       -  ||      nan (  6)   [   0.0s]
  3       -  |       -  ||   0.0000 ( 18)   [   0.0s]
  4       -  |       -  ||   0.0000 ( 54)   [   0.0s]
  5       -  |       -  ||   0.0000 (162)   [   0.0s]
  6       -  |       -  ||   0.0000 (486)   [   0.0s]
  7       -  |       -  ||   0.0000 (486)   [   0.0s]
  8       -  |       -  ||   0.2032 (486)   [   0.0s]
  9       -  |       -  ||   0.1427 (486)   [   0.0s]
 10  0.0509  |       -  ||   0.1019 (486)   [   0.0s]
 11  0.0368  |       -  ||   0.1472 (486)   [   0.1s]
 12  0.0536  |       -  ||   0.1341 (486)   [   0.3s]
 13  0.0197  |       -  ||   0.1377 (486)   [   0.9s]
 14  0.0435  |       -  ||   0.1306 (486)   [   3.0s]
 15  0.0215  |       -  ||   0.1397 (486)   [  12.2s]
 16  0.0240  |       -  ||   0.1038 (486)   [  36.2s]

=== exhaustive fixed set: all 4374 units below 3^8 = 6561, at d=+5 ===
[preflight] last transition peaks at ~9.4 GiB; 48.7 GiB available now (RAM mode).
min_a g_ell(ell+d, a) / gbar_ell(ell+d); a dash marks an incomplete support
ell    d=+5   |  d=1rt   || min over 4374 fixed integers at d=+5
----------------------------------------------------------------
  1       -  |       -  ||      nan (  2)   [   0.0s]
  2       -  |       -  ||      nan (  6)   [   0.0s]
  3       -  |       -  ||   0.0000 ( 18)   [   0.0s]
  4       -  |       -  ||   0.0000 ( 54)   [   0.0s]
  5       -  |       -  ||   0.0000 (162)   [   0.0s]
  6       -  |       -  ||   0.0000 (486)   [   0.0s]
  7       -  |       -  ||   0.0000 (1458)   [   0.0s]
  8       -  |       -  ||   0.0000 (4374)   [   0.0s]
  9       -  |       -  ||   0.0000 (4374)   [   0.0s]
 10  0.0509  |       -  ||   0.0509 (4374)   [   0.0s]
 11  0.0368  |       -  ||   0.0736 (4374)   [   0.1s]
 12  0.0536  |       -  ||   0.0805 (4374)   [   0.3s]
 13  0.0197  |       -  ||   0.0787 (4374)   [   0.9s]
 14  0.0435  |       -  ||   0.1016 (4374)   [   3.0s]
 15  0.0215  |       -  ||   0.0967 (4374)   [  12.0s]
 16  0.0240  |       -  ||   0.0878 (4374)   [  36.6s]

